Archive member included to satisfy reference by file (symbol)

/Users/dhruvmanish/Downloads/avr8-gnu-toolchain-darwin_x86_64/bin/../lib/gcc/avr/5.4.0/avr5/libgcc.a(_exit.o)
                              /Applications/microchip/mplabx/v6.05/packs/Microchip/ATmega_DFP/3.0.158/gcc/dev/atmega328p/avr5/crtatmega328p.o (exit)
/Users/dhruvmanish/Downloads/avr8-gnu-toolchain-darwin_x86_64/bin/../lib/gcc/avr/5.4.0/avr5/libgcc.a(_copy_data.o)
                              build/default/production/newmain.o (__do_copy_data)
/Users/dhruvmanish/Downloads/avr8-gnu-toolchain-darwin_x86_64/bin/../lib/gcc/avr/5.4.0/avr5/libgcc.a(_clear_bss.o)
                              build/default/production/lcd.o (__do_clear_bss)
/Users/dhruvmanish/Downloads/avr8-gnu-toolchain-darwin_x86_64/bin/../lib/gcc/avr/5.4.0/../../../../avr/lib/avr5/libc.a(fwrite.o)
                              build/default/production/newmain.o (fwrite)
/Users/dhruvmanish/Downloads/avr8-gnu-toolchain-darwin_x86_64/bin/../lib/gcc/avr/5.4.0/avr5/libgcc.a(_prologue.o)
                              /Users/dhruvmanish/Downloads/avr8-gnu-toolchain-darwin_x86_64/bin/../lib/gcc/avr/5.4.0/../../../../avr/lib/avr5/libc.a(fwrite.o) (__prologue_saves__)
/Users/dhruvmanish/Downloads/avr8-gnu-toolchain-darwin_x86_64/bin/../lib/gcc/avr/5.4.0/avr5/libgcc.a(_epilogue.o)
                              /Users/dhruvmanish/Downloads/avr8-gnu-toolchain-darwin_x86_64/bin/../lib/gcc/avr/5.4.0/../../../../avr/lib/avr5/libc.a(fwrite.o) (__epilogue_restores__)

Discarded input sections

 .data          0x0000000000000000        0x0 /Applications/microchip/mplabx/v6.05/packs/Microchip/ATmega_DFP/3.0.158/gcc/dev/atmega328p/avr5/crtatmega328p.o
 .bss           0x0000000000000000        0x0 /Applications/microchip/mplabx/v6.05/packs/Microchip/ATmega_DFP/3.0.158/gcc/dev/atmega328p/avr5/crtatmega328p.o
 .text          0x0000000000000000        0x0 build/default/production/newmain.o
 .data          0x0000000000000000        0x0 build/default/production/newmain.o
 .bss           0x0000000000000000        0x0 build/default/production/newmain.o
 .text.code_attempt
                0x0000000000000000      0x16c build/default/production/newmain.o
 .text.check_code
                0x0000000000000000       0x48 build/default/production/newmain.o
 .text.unlock_door
                0x0000000000000000       0x14 build/default/production/newmain.o
 .text          0x0000000000000000        0x0 build/default/production/lcd.o
 .data          0x0000000000000000        0x0 build/default/production/lcd.o
 .bss           0x0000000000000000        0x0 build/default/production/lcd.o
 .text          0x0000000000000000        0x0 build/default/production/hd44780.o
 .data          0x0000000000000000        0x0 build/default/production/hd44780.o
 .bss           0x0000000000000000        0x0 build/default/production/hd44780.o
 .text.hd44780_powerdown
                0x0000000000000000        0xe build/default/production/hd44780.o
 .text          0x0000000000000000        0x0 /Users/dhruvmanish/Downloads/avr8-gnu-toolchain-darwin_x86_64/bin/../lib/gcc/avr/5.4.0/avr5/libgcc.a(_exit.o)
 .data          0x0000000000000000        0x0 /Users/dhruvmanish/Downloads/avr8-gnu-toolchain-darwin_x86_64/bin/../lib/gcc/avr/5.4.0/avr5/libgcc.a(_exit.o)
 .bss           0x0000000000000000        0x0 /Users/dhruvmanish/Downloads/avr8-gnu-toolchain-darwin_x86_64/bin/../lib/gcc/avr/5.4.0/avr5/libgcc.a(_exit.o)
 .text.libgcc.mul
                0x0000000000000000        0x0 /Users/dhruvmanish/Downloads/avr8-gnu-toolchain-darwin_x86_64/bin/../lib/gcc/avr/5.4.0/avr5/libgcc.a(_exit.o)
 .text.libgcc.div
                0x0000000000000000        0x0 /Users/dhruvmanish/Downloads/avr8-gnu-toolchain-darwin_x86_64/bin/../lib/gcc/avr/5.4.0/avr5/libgcc.a(_exit.o)
 .text.libgcc   0x0000000000000000        0x0 /Users/dhruvmanish/Downloads/avr8-gnu-toolchain-darwin_x86_64/bin/../lib/gcc/avr/5.4.0/avr5/libgcc.a(_exit.o)
 .text.libgcc.prologue
                0x0000000000000000        0x0 /Users/dhruvmanish/Downloads/avr8-gnu-toolchain-darwin_x86_64/bin/../lib/gcc/avr/5.4.0/avr5/libgcc.a(_exit.o)
 .text.libgcc.builtins
                0x0000000000000000        0x0 /Users/dhruvmanish/Downloads/avr8-gnu-toolchain-darwin_x86_64/bin/../lib/gcc/avr/5.4.0/avr5/libgcc.a(_exit.o)
 .text.libgcc.fmul
                0x0000000000000000        0x0 /Users/dhruvmanish/Downloads/avr8-gnu-toolchain-darwin_x86_64/bin/../lib/gcc/avr/5.4.0/avr5/libgcc.a(_exit.o)
 .text.libgcc.fixed
                0x0000000000000000        0x0 /Users/dhruvmanish/Downloads/avr8-gnu-toolchain-darwin_x86_64/bin/../lib/gcc/avr/5.4.0/avr5/libgcc.a(_exit.o)
 .text          0x0000000000000000        0x0 /Users/dhruvmanish/Downloads/avr8-gnu-toolchain-darwin_x86_64/bin/../lib/gcc/avr/5.4.0/avr5/libgcc.a(_copy_data.o)
 .data          0x0000000000000000        0x0 /Users/dhruvmanish/Downloads/avr8-gnu-toolchain-darwin_x86_64/bin/../lib/gcc/avr/5.4.0/avr5/libgcc.a(_copy_data.o)
 .bss           0x0000000000000000        0x0 /Users/dhruvmanish/Downloads/avr8-gnu-toolchain-darwin_x86_64/bin/../lib/gcc/avr/5.4.0/avr5/libgcc.a(_copy_data.o)
 .text.libgcc.mul
                0x0000000000000000        0x0 /Users/dhruvmanish/Downloads/avr8-gnu-toolchain-darwin_x86_64/bin/../lib/gcc/avr/5.4.0/avr5/libgcc.a(_copy_data.o)
 .text.libgcc.div
                0x0000000000000000        0x0 /Users/dhruvmanish/Downloads/avr8-gnu-toolchain-darwin_x86_64/bin/../lib/gcc/avr/5.4.0/avr5/libgcc.a(_copy_data.o)
 .text.libgcc   0x0000000000000000        0x0 /Users/dhruvmanish/Downloads/avr8-gnu-toolchain-darwin_x86_64/bin/../lib/gcc/avr/5.4.0/avr5/libgcc.a(_copy_data.o)
 .text.libgcc.prologue
                0x0000000000000000        0x0 /Users/dhruvmanish/Downloads/avr8-gnu-toolchain-darwin_x86_64/bin/../lib/gcc/avr/5.4.0/avr5/libgcc.a(_copy_data.o)
 .text.libgcc.builtins
                0x0000000000000000        0x0 /Users/dhruvmanish/Downloads/avr8-gnu-toolchain-darwin_x86_64/bin/../lib/gcc/avr/5.4.0/avr5/libgcc.a(_copy_data.o)
 .text.libgcc.fmul
                0x0000000000000000        0x0 /Users/dhruvmanish/Downloads/avr8-gnu-toolchain-darwin_x86_64/bin/../lib/gcc/avr/5.4.0/avr5/libgcc.a(_copy_data.o)
 .text.libgcc.fixed
                0x0000000000000000        0x0 /Users/dhruvmanish/Downloads/avr8-gnu-toolchain-darwin_x86_64/bin/../lib/gcc/avr/5.4.0/avr5/libgcc.a(_copy_data.o)
 .text          0x0000000000000000        0x0 /Users/dhruvmanish/Downloads/avr8-gnu-toolchain-darwin_x86_64/bin/../lib/gcc/avr/5.4.0/avr5/libgcc.a(_clear_bss.o)
 .data          0x0000000000000000        0x0 /Users/dhruvmanish/Downloads/avr8-gnu-toolchain-darwin_x86_64/bin/../lib/gcc/avr/5.4.0/avr5/libgcc.a(_clear_bss.o)
 .bss           0x0000000000000000        0x0 /Users/dhruvmanish/Downloads/avr8-gnu-toolchain-darwin_x86_64/bin/../lib/gcc/avr/5.4.0/avr5/libgcc.a(_clear_bss.o)
 .text.libgcc.mul
                0x0000000000000000        0x0 /Users/dhruvmanish/Downloads/avr8-gnu-toolchain-darwin_x86_64/bin/../lib/gcc/avr/5.4.0/avr5/libgcc.a(_clear_bss.o)
 .text.libgcc.div
                0x0000000000000000        0x0 /Users/dhruvmanish/Downloads/avr8-gnu-toolchain-darwin_x86_64/bin/../lib/gcc/avr/5.4.0/avr5/libgcc.a(_clear_bss.o)
 .text.libgcc   0x0000000000000000        0x0 /Users/dhruvmanish/Downloads/avr8-gnu-toolchain-darwin_x86_64/bin/../lib/gcc/avr/5.4.0/avr5/libgcc.a(_clear_bss.o)
 .text.libgcc.prologue
                0x0000000000000000        0x0 /Users/dhruvmanish/Downloads/avr8-gnu-toolchain-darwin_x86_64/bin/../lib/gcc/avr/5.4.0/avr5/libgcc.a(_clear_bss.o)
 .text.libgcc.builtins
                0x0000000000000000        0x0 /Users/dhruvmanish/Downloads/avr8-gnu-toolchain-darwin_x86_64/bin/../lib/gcc/avr/5.4.0/avr5/libgcc.a(_clear_bss.o)
 .text.libgcc.fmul
                0x0000000000000000        0x0 /Users/dhruvmanish/Downloads/avr8-gnu-toolchain-darwin_x86_64/bin/../lib/gcc/avr/5.4.0/avr5/libgcc.a(_clear_bss.o)
 .text.libgcc.fixed
                0x0000000000000000        0x0 /Users/dhruvmanish/Downloads/avr8-gnu-toolchain-darwin_x86_64/bin/../lib/gcc/avr/5.4.0/avr5/libgcc.a(_clear_bss.o)
 .text          0x0000000000000000        0x0 /Users/dhruvmanish/Downloads/avr8-gnu-toolchain-darwin_x86_64/bin/../lib/gcc/avr/5.4.0/../../../../avr/lib/avr5/libc.a(fwrite.o)
 .data          0x0000000000000000        0x0 /Users/dhruvmanish/Downloads/avr8-gnu-toolchain-darwin_x86_64/bin/../lib/gcc/avr/5.4.0/../../../../avr/lib/avr5/libc.a(fwrite.o)
 .bss           0x0000000000000000        0x0 /Users/dhruvmanish/Downloads/avr8-gnu-toolchain-darwin_x86_64/bin/../lib/gcc/avr/5.4.0/../../../../avr/lib/avr5/libc.a(fwrite.o)
 .text          0x0000000000000000        0x0 /Users/dhruvmanish/Downloads/avr8-gnu-toolchain-darwin_x86_64/bin/../lib/gcc/avr/5.4.0/avr5/libgcc.a(_prologue.o)
 .data          0x0000000000000000        0x0 /Users/dhruvmanish/Downloads/avr8-gnu-toolchain-darwin_x86_64/bin/../lib/gcc/avr/5.4.0/avr5/libgcc.a(_prologue.o)
 .bss           0x0000000000000000        0x0 /Users/dhruvmanish/Downloads/avr8-gnu-toolchain-darwin_x86_64/bin/../lib/gcc/avr/5.4.0/avr5/libgcc.a(_prologue.o)
 .text.libgcc.mul
                0x0000000000000000        0x0 /Users/dhruvmanish/Downloads/avr8-gnu-toolchain-darwin_x86_64/bin/../lib/gcc/avr/5.4.0/avr5/libgcc.a(_prologue.o)
 .text.libgcc.div
                0x0000000000000000        0x0 /Users/dhruvmanish/Downloads/avr8-gnu-toolchain-darwin_x86_64/bin/../lib/gcc/avr/5.4.0/avr5/libgcc.a(_prologue.o)
 .text.libgcc   0x0000000000000000        0x0 /Users/dhruvmanish/Downloads/avr8-gnu-toolchain-darwin_x86_64/bin/../lib/gcc/avr/5.4.0/avr5/libgcc.a(_prologue.o)
 .text.libgcc.builtins
                0x0000000000000000        0x0 /Users/dhruvmanish/Downloads/avr8-gnu-toolchain-darwin_x86_64/bin/../lib/gcc/avr/5.4.0/avr5/libgcc.a(_prologue.o)
 .text.libgcc.fmul
                0x0000000000000000        0x0 /Users/dhruvmanish/Downloads/avr8-gnu-toolchain-darwin_x86_64/bin/../lib/gcc/avr/5.4.0/avr5/libgcc.a(_prologue.o)
 .text.libgcc.fixed
                0x0000000000000000        0x0 /Users/dhruvmanish/Downloads/avr8-gnu-toolchain-darwin_x86_64/bin/../lib/gcc/avr/5.4.0/avr5/libgcc.a(_prologue.o)
 .text          0x0000000000000000        0x0 /Users/dhruvmanish/Downloads/avr8-gnu-toolchain-darwin_x86_64/bin/../lib/gcc/avr/5.4.0/avr5/libgcc.a(_epilogue.o)
 .data          0x0000000000000000        0x0 /Users/dhruvmanish/Downloads/avr8-gnu-toolchain-darwin_x86_64/bin/../lib/gcc/avr/5.4.0/avr5/libgcc.a(_epilogue.o)
 .bss           0x0000000000000000        0x0 /Users/dhruvmanish/Downloads/avr8-gnu-toolchain-darwin_x86_64/bin/../lib/gcc/avr/5.4.0/avr5/libgcc.a(_epilogue.o)
 .text.libgcc.mul
                0x0000000000000000        0x0 /Users/dhruvmanish/Downloads/avr8-gnu-toolchain-darwin_x86_64/bin/../lib/gcc/avr/5.4.0/avr5/libgcc.a(_epilogue.o)
 .text.libgcc.div
                0x0000000000000000        0x0 /Users/dhruvmanish/Downloads/avr8-gnu-toolchain-darwin_x86_64/bin/../lib/gcc/avr/5.4.0/avr5/libgcc.a(_epilogue.o)
 .text.libgcc   0x0000000000000000        0x0 /Users/dhruvmanish/Downloads/avr8-gnu-toolchain-darwin_x86_64/bin/../lib/gcc/avr/5.4.0/avr5/libgcc.a(_epilogue.o)
 .text.libgcc.builtins
                0x0000000000000000        0x0 /Users/dhruvmanish/Downloads/avr8-gnu-toolchain-darwin_x86_64/bin/../lib/gcc/avr/5.4.0/avr5/libgcc.a(_epilogue.o)
 .text.libgcc.fmul
                0x0000000000000000        0x0 /Users/dhruvmanish/Downloads/avr8-gnu-toolchain-darwin_x86_64/bin/../lib/gcc/avr/5.4.0/avr5/libgcc.a(_epilogue.o)
 .text.libgcc.fixed
                0x0000000000000000        0x0 /Users/dhruvmanish/Downloads/avr8-gnu-toolchain-darwin_x86_64/bin/../lib/gcc/avr/5.4.0/avr5/libgcc.a(_epilogue.o)

Memory Configuration

Name             Origin             Length             Attributes
text             0x0000000000000000 0x0000000000008000 xr
data             0x0000000000800100 0x0000000000000800 rw !x
eeprom           0x0000000000810000 0x0000000000000400 rw !x
fuse             0x0000000000820000 0x0000000000000003 rw !x
lock             0x0000000000830000 0x0000000000000400 rw !x
signature        0x0000000000840000 0x0000000000000400 rw !x
user_signatures  0x0000000000850000 0x0000000000000400 rw !x
*default*        0x0000000000000000 0xffffffffffffffff

Linker script and memory map

Address of section .data set to 0x800100
LOAD /Applications/microchip/mplabx/v6.05/packs/Microchip/ATmega_DFP/3.0.158/gcc/dev/atmega328p/avr5/crtatmega328p.o
LOAD build/default/production/newmain.o
LOAD build/default/production/lcd.o
LOAD build/default/production/hd44780.o
                0x0000000000000001                __MPLAB_BUILD = 0x1
START GROUP
LOAD /Users/dhruvmanish/Downloads/avr8-gnu-toolchain-darwin_x86_64/bin/../lib/gcc/avr/5.4.0/../../../../avr/lib/avr5/libm.a
END GROUP
START GROUP
LOAD /Users/dhruvmanish/Downloads/avr8-gnu-toolchain-darwin_x86_64/bin/../lib/gcc/avr/5.4.0/avr5/libgcc.a
LOAD /Users/dhruvmanish/Downloads/avr8-gnu-toolchain-darwin_x86_64/bin/../lib/gcc/avr/5.4.0/../../../../avr/lib/avr5/libm.a
LOAD /Users/dhruvmanish/Downloads/avr8-gnu-toolchain-darwin_x86_64/bin/../lib/gcc/avr/5.4.0/../../../../avr/lib/avr5/libc.a
LOAD /Applications/microchip/mplabx/v6.05/packs/Microchip/ATmega_DFP/3.0.158/gcc/dev/atmega328p/avr5/libatmega328p.a
END GROUP
                0x0000000000000000                __TEXT_REGION_ORIGIN__ = DEFINED (__TEXT_REGION_ORIGIN__)?__TEXT_REGION_ORIGIN__:0x0
                [0x0000000000800100]                __DATA_REGION_ORIGIN__ = DEFINED (__DATA_REGION_ORIGIN__)?__DATA_REGION_ORIGIN__:0x800060
                [0x0000000000008000]                __TEXT_REGION_LENGTH__ = DEFINED (__TEXT_REGION_LENGTH__)?__TEXT_REGION_LENGTH__:0x20000
                [0x0000000000000800]                __DATA_REGION_LENGTH__ = DEFINED (__DATA_REGION_LENGTH__)?__DATA_REGION_LENGTH__:0xffa0
                [0x0000000000000400]                __EEPROM_REGION_LENGTH__ = DEFINED (__EEPROM_REGION_LENGTH__)?__EEPROM_REGION_LENGTH__:0x10000
                [0x0000000000000003]                __FUSE_REGION_LENGTH__ = DEFINED (__FUSE_REGION_LENGTH__)?__FUSE_REGION_LENGTH__:0x400
                0x0000000000000400                __LOCK_REGION_LENGTH__ = DEFINED (__LOCK_REGION_LENGTH__)?__LOCK_REGION_LENGTH__:0x400
                0x0000000000000400                __SIGNATURE_REGION_LENGTH__ = DEFINED (__SIGNATURE_REGION_LENGTH__)?__SIGNATURE_REGION_LENGTH__:0x400
                0x0000000000000400                __USER_SIGNATURE_REGION_LENGTH__ = DEFINED (__USER_SIGNATURE_REGION_LENGTH__)?__USER_SIGNATURE_REGION_LENGTH__:0x400

.hash
 *(.hash)

.dynsym
 *(.dynsym)

.dynstr
 *(.dynstr)

.gnu.version
 *(.gnu.version)

.gnu.version_d
 *(.gnu.version_d)

.gnu.version_r
 *(.gnu.version_r)

.rel.init
 *(.rel.init)

.rela.init
 *(.rela.init)

.rel.text
 *(.rel.text)
 *(.rel.text.*)
 *(.rel.gnu.linkonce.t*)

.rela.text
 *(.rela.text)
 *(.rela.text.*)
 *(.rela.gnu.linkonce.t*)

.rel.fini
 *(.rel.fini)

.rela.fini
 *(.rela.fini)

.rel.rodata
 *(.rel.rodata)
 *(.rel.rodata.*)
 *(.rel.gnu.linkonce.r*)

.rela.rodata
 *(.rela.rodata)
 *(.rela.rodata.*)
 *(.rela.gnu.linkonce.r*)

.rel.data
 *(.rel.data)
 *(.rel.data.*)
 *(.rel.gnu.linkonce.d*)

.rela.data
 *(.rela.data)
 *(.rela.data.*)
 *(.rela.gnu.linkonce.d*)

.rel.ctors
 *(.rel.ctors)

.rela.ctors
 *(.rela.ctors)

.rel.dtors
 *(.rel.dtors)

.rela.dtors
 *(.rela.dtors)

.rel.got
 *(.rel.got)

.rela.got
 *(.rela.got)

.rel.bss
 *(.rel.bss)

.rela.bss
 *(.rela.bss)

.rel.plt
 *(.rel.plt)

.rela.plt
 *(.rela.plt)

.text           0x0000000000000000      0x370
 *(.vectors)
 .vectors       0x0000000000000000       0x68 /Applications/microchip/mplabx/v6.05/packs/Microchip/ATmega_DFP/3.0.158/gcc/dev/atmega328p/avr5/crtatmega328p.o
                0x0000000000000000                __vectors
                0x0000000000000000                __vector_default
 *(.vectors)
 *(.progmem.gcc*)
                0x0000000000000068                . = ALIGN (0x2)
                0x0000000000000068                __trampolines_start = .
 *(.trampolines)
 .trampolines   0x0000000000000068        0x0 linker stubs
 *(.trampolines*)
                0x0000000000000068                __trampolines_end = .
 *libprintf_flt.a:*(.progmem.data)
 *libc.a:*(.progmem.data)
 *(.progmem*)
                0x0000000000000068                . = ALIGN (0x2)
 *(.jumptables)
 *(.jumptables*)
 *(.lowtext)
 *(.lowtext*)
                0x0000000000000068                __ctors_start = .
 *(.ctors)
                0x0000000000000068                __ctors_end = .
                0x0000000000000068                __dtors_start = .
 *(.dtors)
                0x0000000000000068                __dtors_end = .
 SORT(*)(.ctors)
 SORT(*)(.dtors)
 *(.init0)
 .init0         0x0000000000000068        0x0 /Applications/microchip/mplabx/v6.05/packs/Microchip/ATmega_DFP/3.0.158/gcc/dev/atmega328p/avr5/crtatmega328p.o
                0x0000000000000068                __init
 *(.init0)
 *(.init1)
 *(.init1)
 *(.init2)
 .init2         0x0000000000000068        0xc /Applications/microchip/mplabx/v6.05/packs/Microchip/ATmega_DFP/3.0.158/gcc/dev/atmega328p/avr5/crtatmega328p.o
 *(.init2)
 *(.init3)
 *(.init3)
 *(.init4)
 .init4         0x0000000000000074       0x16 /Users/dhruvmanish/Downloads/avr8-gnu-toolchain-darwin_x86_64/bin/../lib/gcc/avr/5.4.0/avr5/libgcc.a(_copy_data.o)
                0x0000000000000074                __do_copy_data
 .init4         0x000000000000008a       0x10 /Users/dhruvmanish/Downloads/avr8-gnu-toolchain-darwin_x86_64/bin/../lib/gcc/avr/5.4.0/avr5/libgcc.a(_clear_bss.o)
                0x000000000000008a                __do_clear_bss
 *(.init4)
 *(.init5)
 *(.init5)
 *(.init6)
 *(.init6)
 *(.init7)
 *(.init7)
 *(.init8)
 *(.init8)
 *(.init9)
 .init9         0x000000000000009a        0x8 /Applications/microchip/mplabx/v6.05/packs/Microchip/ATmega_DFP/3.0.158/gcc/dev/atmega328p/avr5/crtatmega328p.o
 *(.init9)
 *(.text)
 .text          0x00000000000000a2        0x4 /Applications/microchip/mplabx/v6.05/packs/Microchip/ATmega_DFP/3.0.158/gcc/dev/atmega328p/avr5/crtatmega328p.o
                0x00000000000000a2                __vector_20
                0x00000000000000a2                __vector_1
                0x00000000000000a2                __vector_24
                0x00000000000000a2                __vector_12
                0x00000000000000a2                __bad_interrupt
                0x00000000000000a2                __vector_6
                0x00000000000000a2                __vector_3
                0x00000000000000a2                __vector_23
                0x00000000000000a2                __vector_25
                0x00000000000000a2                __vector_11
                0x00000000000000a2                __vector_13
                0x00000000000000a2                __vector_17
                0x00000000000000a2                __vector_19
                0x00000000000000a2                __vector_7
                0x00000000000000a2                __vector_5
                0x00000000000000a2                __vector_4
                0x00000000000000a2                __vector_9
                0x00000000000000a2                __vector_2
                0x00000000000000a2                __vector_21
                0x00000000000000a2                __vector_15
                0x00000000000000a2                __vector_8
                0x00000000000000a2                __vector_14
                0x00000000000000a2                __vector_10
                0x00000000000000a2                __vector_16
                0x00000000000000a2                __vector_18
                0x00000000000000a2                __vector_22
                0x00000000000000a6                . = ALIGN (0x2)
 *(.text.*)
 .text.port_init
                0x00000000000000a6       0x36 build/default/production/newmain.o
                0x00000000000000a6                port_init
 .text.main     0x00000000000000dc       0x32 build/default/production/newmain.o
                0x00000000000000dc                main
 .text.lcd_init
                0x000000000000010e       0x30 build/default/production/lcd.o
                0x000000000000010e                lcd_init
 .text.lcd_putchar
                0x000000000000013e       0x4c build/default/production/lcd.o
                0x000000000000013e                lcd_putchar
 .text.hd44780_outnibble
                0x000000000000018a       0x22 build/default/production/hd44780.o
 .text.hd44780_innibble
                0x00000000000001ac       0x28 build/default/production/hd44780.o
 .text.hd44780_outbyte
                0x00000000000001d4       0x20 build/default/production/hd44780.o
                0x00000000000001d4                hd44780_outbyte
 .text.hd44780_inbyte
                0x00000000000001f4       0x1e build/default/production/hd44780.o
                0x00000000000001f4                hd44780_inbyte
 .text.hd44780_wait_ready
                0x0000000000000212        0xc build/default/production/hd44780.o
                0x0000000000000212                hd44780_wait_ready
 .text.hd44780_init
                0x000000000000021e       0x78 build/default/production/hd44780.o
                0x000000000000021e                hd44780_init
 .text.avr-libc
                0x0000000000000296       0x68 /Users/dhruvmanish/Downloads/avr8-gnu-toolchain-darwin_x86_64/bin/../lib/gcc/avr/5.4.0/../../../../avr/lib/avr5/libc.a(fwrite.o)
                0x0000000000000296                fwrite
 .text.libgcc.prologue
                0x00000000000002fe       0x38 /Users/dhruvmanish/Downloads/avr8-gnu-toolchain-darwin_x86_64/bin/../lib/gcc/avr/5.4.0/avr5/libgcc.a(_prologue.o)
                0x00000000000002fe                __prologue_saves__
 .text.libgcc.prologue
                0x0000000000000336       0x36 /Users/dhruvmanish/Downloads/avr8-gnu-toolchain-darwin_x86_64/bin/../lib/gcc/avr/5.4.0/avr5/libgcc.a(_epilogue.o)
                0x0000000000000336                __epilogue_restores__
                0x000000000000036c                . = ALIGN (0x2)
 *(.fini9)
 .fini9         0x000000000000036c        0x0 /Users/dhruvmanish/Downloads/avr8-gnu-toolchain-darwin_x86_64/bin/../lib/gcc/avr/5.4.0/avr5/libgcc.a(_exit.o)
                0x000000000000036c                exit
                0x000000000000036c                _exit
 *(.fini9)
 *(.fini8)
 *(.fini8)
 *(.fini7)
 *(.fini7)
 *(.fini6)
 *(.fini6)
 *(.fini5)
 *(.fini5)
 *(.fini4)
 *(.fini4)
 *(.fini3)
 *(.fini3)
 *(.fini2)
 *(.fini2)
 *(.fini1)
 *(.fini1)
 *(.fini0)
 .fini0         0x000000000000036c        0x4 /Users/dhruvmanish/Downloads/avr8-gnu-toolchain-darwin_x86_64/bin/../lib/gcc/avr/5.4.0/avr5/libgcc.a(_exit.o)
 *(.fini0)
                0x0000000000000370                _etext = .

.data           0x0000000000800100       0x1e load address 0x0000000000000370
                0x0000000000800100                PROVIDE (__data_start, .)
 *(.data)
 *(.data*)
 .data.lcd_str  0x0000000000800100        0xe build/default/production/newmain.o
                0x0000000000800100                lcd_str
 *(.gnu.linkonce.d*)
 *(.rodata)
 *(.rodata*)
 .rodata.str1.1
                0x000000000080010e        0xf build/default/production/newmain.o
 *(.gnu.linkonce.r*)
                0x000000000080011e                . = ALIGN (0x2)
 *fill*         0x000000000080011d        0x1 
                0x000000000080011e                _edata = .
                0x000000000080011e                PROVIDE (__data_end, .)

.bss            0x000000000080011e        0x1
                0x000000000080011e                PROVIDE (__bss_start, .)
 *(.bss)
 *(.bss*)
 .bss.esc_seen.1954
                0x000000000080011e        0x1 build/default/production/lcd.o
 *(COMMON)
                0x000000000080011f                PROVIDE (__bss_end, .)
                0x0000000000000370                __data_load_start = LOADADDR (.data)
                0x000000000000038e                __data_load_end = (__data_load_start + SIZEOF (.data))

.noinit         0x000000000080011f        0x0
                [!provide]                        PROVIDE (__noinit_start, .)
 *(.noinit*)
                [!provide]                        PROVIDE (__noinit_end, .)
                0x000000000080011f                _end = .
                [!provide]                        PROVIDE (__heap_start, .)

.eeprom         0x0000000000810000        0x0
 *(.eeprom*)
                0x0000000000810000                __eeprom_end = .

.fuse
 *(.fuse)
 *(.lfuse)
 *(.hfuse)
 *(.efuse)

.lock
 *(.lock*)

.signature
 *(.signature*)

.user_signatures
 *(.user_signatures*)

.stab
 *(.stab)

.stabstr
 *(.stabstr)

.stab.excl
 *(.stab.excl)

.stab.exclstr
 *(.stab.exclstr)

.stab.index
 *(.stab.index)

.stab.indexstr
 *(.stab.indexstr)

.comment        0x0000000000000000       0x5b
 *(.comment)
 .comment       0x0000000000000000       0x2f build/default/production/newmain.o
                                         0x30 (size before relaxing)
 .comment       0x000000000000002f       0x30 build/default/production/lcd.o
 .comment       0x000000000000002f       0x30 build/default/production/hd44780.o
 .comment       0x000000000000002f       0x2c /Users/dhruvmanish/Downloads/avr8-gnu-toolchain-darwin_x86_64/bin/../lib/gcc/avr/5.4.0/../../../../avr/lib/avr5/libc.a(fwrite.o)
                                         0x2d (size before relaxing)

.note.gnu.avr.deviceinfo
                0x0000000000000000       0x40
 .note.gnu.avr.deviceinfo
                0x0000000000000000       0x40 /Applications/microchip/mplabx/v6.05/packs/Microchip/ATmega_DFP/3.0.158/gcc/dev/atmega328p/avr5/crtatmega328p.o

.note.gnu.build-id
 *(.note.gnu.build-id)

.debug
 *(.debug)

.line
 *(.line)

.debug_srcinfo
 *(.debug_srcinfo)

.debug_sfnames
 *(.debug_sfnames)

.debug_aranges
 *(.debug_aranges)

.debug_pubnames
 *(.debug_pubnames)

.debug_info     0x0000000000000000      0x5f4
 *(.debug_info .gnu.linkonce.wi.*)
 .debug_info    0x0000000000000000      0x5f4 /Applications/microchip/mplabx/v6.05/packs/Microchip/ATmega_DFP/3.0.158/gcc/dev/atmega328p/avr5/crtatmega328p.o

.debug_abbrev   0x0000000000000000      0x5a2
 *(.debug_abbrev)
 .debug_abbrev  0x0000000000000000      0x5a2 /Applications/microchip/mplabx/v6.05/packs/Microchip/ATmega_DFP/3.0.158/gcc/dev/atmega328p/avr5/crtatmega328p.o

.debug_line     0x0000000000000000      0x134
 *(.debug_line .debug_line.* .debug_line_end)
 .debug_line    0x0000000000000000      0x134 /Applications/microchip/mplabx/v6.05/packs/Microchip/ATmega_DFP/3.0.158/gcc/dev/atmega328p/avr5/crtatmega328p.o

.debug_frame
 *(.debug_frame)

.debug_str      0x0000000000000000      0x208
 *(.debug_str)
 .debug_str     0x0000000000000000      0x208 /Applications/microchip/mplabx/v6.05/packs/Microchip/ATmega_DFP/3.0.158/gcc/dev/atmega328p/avr5/crtatmega328p.o

.debug_loc
 *(.debug_loc)

.debug_macinfo
 *(.debug_macinfo)

.debug_weaknames
 *(.debug_weaknames)

.debug_funcnames
 *(.debug_funcnames)

.debug_typenames
 *(.debug_typenames)

.debug_varnames
 *(.debug_varnames)

.debug_pubtypes
 *(.debug_pubtypes)

.debug_ranges
 *(.debug_ranges)

.debug_macro
 *(.debug_macro)
OUTPUT(dist/default/production/Dhruv_DoorLock.X.production.elf elf32-avr)
LOAD linker stubs
